
> kdv-kontrol@1.6.3 build
> tsc -b && vite build

src/components/common/ErrorBoundary.tsx(1,8): error TS6133: 'React' is declared but its value is never read.
src/components/common/ErrorBoundary.tsx(1,28): error TS1484: 'ErrorInfo' is a type and must be imported using a type-only import when 'verbatimModuleSyntax' is enabled.
src/components/common/ErrorBoundary.tsx(1,39): error TS1484: 'ReactNode' is a type and must be imported using a type-only import when 'verbatimModuleSyntax' is enabled.
src/features/kebir-analysis/components/KebirAnalysisPage.tsx(34,17): error TS2739: Type 'KebirAnalysisResult' is missing the following properties from type 'KebirAnalysisResult': totalTransactions, totalVolume, dateRange, accountTypeDistribution, rawData
src/features/kebir-analysis/components/KebirAnalysisPage.tsx(113,36): error TS2322: Type 'import("D:/Antigravity/KDV Kontrol/src/features/common/types").KebirAnalysisResult' is not assignable to type 'import("D:/Antigravity/KDV Kontrol/src/features/kebir-analysis/utils/kebirParser").KebirAnalysisResult'.
  Types of property 'topAccounts' are incompatible.
    Type '{ code: string; name: string; volume: number; }[]' is not assignable to type '{ code: string; name: string; count: number; volume: number; }[]'.
      Property 'count' is missing in type '{ code: string; name: string; volume: number; }' but required in type '{ code: string; name: string; count: number; volume: number; }'.
